// Jest Snapshot v1, https://goo.gl/fbAQLP

exports[`renders homepage unchanged 1`] = `
<div>
  <pre>
    <code
      class="md:text-3xl javascript hljs"
    />
  </pre>
</div>
`;

exports[`renders homepage unchanged 2`] = `
<div>
  <pre>
    <code
      class="md:text-3xl javascript hljs"
    />
  </pre>
</div>
`;
